c:\users\andre\desktop\trabajo info en el medico\geis version - copia\pvz_archon\pvz_archon\x64\debug\vc145.pdb
c:\users\andre\desktop\trabajo info en el medico\geis version - copia\pvz_archon\pvz_archon\x64\debug\vc145.idb
c:\users\andre\desktop\trabajo info en el medico\geis version - copia\pvz_archon\pvz_archon\x64\debug\lanzaguisantes.obj
c:\users\andre\desktop\trabajo info en el medico\geis version - copia\pvz_archon\pvz_archon\x64\debug\interaccion.obj
c:\users\andre\desktop\trabajo info en el medico\geis version - copia\pvz_archon\pvz_archon\x64\debug\gestorarena.obj
c:\users\andre\desktop\trabajo info en el medico\geis version - copia\pvz_archon\pvz_archon\x64\debug\drzomboss.obj
c:\users\andre\desktop\trabajo info en el medico\geis version - copia\pvz_archon\pvz_archon\x64\debug\dronajo.obj
c:\users\andre\desktop\trabajo info en el medico\geis version - copia\pvz_archon\pvz_archon\x64\debug\dave.obj
c:\users\andre\desktop\trabajo info en el medico\geis version - copia\pvz_archon\pvz_archon\x64\debug\cactus.obj
c:\users\andre\desktop\trabajo info en el medico\geis version - copia\pvz_archon\pvz_archon\x64\debug\allstar.obj
c:\users\andre\desktop\trabajo info en el medico\geis version - copia\pvz_archon\pvz_archon\x64\debug\luchadoravatar.obj
c:\users\andre\desktop\trabajo info en el medico\geis version - copia\pvz_archon\pvz_archon\x64\debug\jugadoria.obj
c:\users\andre\desktop\trabajo info en el medico\geis version - copia\pvz_archon\pvz_archon\x64\debug\gestorrecursos.obj
c:\users\andre\desktop\trabajo info en el medico\geis version - copia\pvz_archon\pvz_archon\x64\debug\gestorranking.obj
c:\users\andre\desktop\trabajo info en el medico\geis version - copia\pvz_archon\pvz_archon\x64\debug\gestoraudio.obj
c:\users\andre\desktop\trabajo info en el medico\geis version - copia\pvz_archon\pvz_archon\x64\debug\estrategiaminimax.obj
c:\users\andre\desktop\trabajo info en el medico\geis version - copia\pvz_archon\pvz_archon\x64\debug\estrategiaheuristica.obj
c:\users\andre\desktop\trabajo info en el medico\geis version - copia\pvz_archon\pvz_archon\x64\debug\estrategiaaleatoria.obj
c:\users\andre\desktop\trabajo info en el medico\geis version - copia\pvz_archon\pvz_archon\x64\debug\controladorjuego.obj
c:\users\andre\desktop\trabajo info en el medico\geis version - copia\pvz_archon\pvz_archon\x64\debug\adaptadorestadojuego.obj
c:\users\andre\desktop\trabajo info en el medico\geis version - copia\pvz_archon\pvz_archon\x64\debug\main.obj
c:\users\andre\desktop\trabajo info en el medico\geis version - copia\pvz_archon\pvz_archon\x64\debug\zombidito.obj
c:\users\andre\desktop\trabajo info en el medico\geis version - copia\pvz_archon\pvz_archon\x64\debug\volador.obj
c:\users\andre\desktop\trabajo info en el medico\geis version - copia\pvz_archon\pvz_archon\x64\debug\vistajuego.obj
c:\users\andre\desktop\trabajo info en el medico\geis version - copia\pvz_archon\pvz_archon\x64\debug\vector2d.obj
c:\users\andre\desktop\trabajo info en el medico\geis version - copia\pvz_archon\pvz_archon\x64\debug\terrestre.obj
c:\users\andre\desktop\trabajo info en el medico\geis version - copia\pvz_archon\pvz_archon\x64\debug\teletransporte.obj
c:\users\andre\desktop\trabajo info en el medico\geis version - copia\pvz_archon\pvz_archon\x64\debug\tablero.obj
c:\users\andre\desktop\trabajo info en el medico\geis version - copia\pvz_archon\pvz_archon\x64\debug\supercerebroz.obj
c:\users\andre\desktop\trabajo info en el medico\geis version - copia\pvz_archon\pvz_archon\x64\debug\soldado.obj
c:\users\andre\desktop\trabajo info en el medico\geis version - copia\pvz_archon\pvz_archon\x64\debug\proyectilarena.obj
c:\users\andre\desktop\trabajo info en el medico\geis version - copia\pvz_archon\pvz_archon\x64\debug\pomelo.obj
c:\users\andre\desktop\trabajo info en el medico\geis version - copia\pvz_archon\pvz_archon\x64\debug\planta_carnivora.obj
c:\users\andre\desktop\trabajo info en el medico\geis version - copia\pvz_archon\pvz_archon\x64\debug\personaje.obj
c:\users\andre\desktop\trabajo info en el medico\geis version - copia\pvz_archon\pvz_archon\x64\debug\obstaculoarena.obj
c:\users\andre\desktop\trabajo info en el medico\geis version - copia\pvz_archon\pvz_archon\x64\debug\menu.obj
c:\users\andre\desktop\trabajo info en el medico\geis version - copia\pvz_archon\pvz_archon\x64\debug\loro_pirata.obj
c:\users\andre\desktop\trabajo info en el medico\geis version - copia\pvz_archon\pvz_archon\x64\debug\pvz_archon.tlog\cl.command.1.tlog
c:\users\andre\desktop\trabajo info en el medico\geis version - copia\pvz_archon\pvz_archon\x64\debug\pvz_archon.tlog\cl.read.1.tlog
c:\users\andre\desktop\trabajo info en el medico\geis version - copia\pvz_archon\pvz_archon\x64\debug\pvz_archon.tlog\cl.write.1.tlog
